\chstatus//preface//0//3//
\chstatus//Intro//0//-4//
\chstatus//descom//1//7//
\chstatus//cont//2//10//
\chstatus//start//3//17//
\chstatus//bas//4//25//
\chstatus//over//5//30//
\chstatus//fonts//6//33//
\chstatus//dimnum//7//37//
\chstatus//glue//8//41//
\chstatus//parcont//9//44//
\chstatus//spac//10//52//
\chstatus//break//11//57//
\chstatus//matsym//12//60//
\chstatus//mateq//13//69//
\chstatus//basbox//14//79//
\chstatus//align//15//87//
\chstatus//defs//16//106//
\chstatus//lists//17//111//
\chstatus//footnot//18//117//
\chstatus//figtbl//19//120//
\chstatus//mulcol//20//131//
\chstatus//shead//21//134//
\chstatus//auto//22//141//
\chstatus//cite//23//148//
\chstatus//toc//24//154//
\chstatus//pagsty//25//161//
\chstatus//pagsiz//26//166//
\chstatus//subdoc//27//172//
\chstatus//docsty//28//177//
\chstatus//graph//29//179//
\chstatus//index//30//203//
